read 159786 states, 159786 V lines, 159786 W lines
max V' 879609302218 (below 2^40), max W' 41520534183862 (below 2^46)
303 chunks of at most 20000 raw moves
chunk 0: states [0, 332), phases 1 to 1, raw moves 19958, compiled check true
chunk 1: states [332, 631), phases 1 to 1, raw moves 19990, compiled check true
chunk 2: states [631, 941), phases 1 to 1, raw moves 19942, compiled check true
chunk 3: states [941, 1260), phases 1 to 1, raw moves 19955, compiled check true
chunk 4: states [1260, 1591), phases 1 to 1, raw moves 19967, compiled check true
chunk 5: states [1591, 1942), phases 1 to 1, raw moves 19972, compiled check true
chunk 6: states [1942, 2261), phases 1 to 1, raw moves 19942, compiled check true
chunk 7: states [2261, 2539), phases 1 to 1, raw moves 19925, compiled check true
chunk 8: states [2539, 2794), phases 1 to 1, raw moves 19998, compiled check true
chunk 9: states [2794, 3046), phases 1 to 1, raw moves 19931, compiled check true
chunk 10: states [3046, 3311), phases 1 to 1, raw moves 19954, compiled check true
chunk 11: states [3311, 3578), phases 1 to 1, raw moves 19979, compiled check true
chunk 12: states [3578, 3843), phases 1 to 1, raw moves 19946, compiled check true
chunk 13: states [3843, 4108), phases 1 to 1, raw moves 19999, compiled check true
chunk 14: states [4108, 4405), phases 1 to 1, raw moves 19968, compiled check true
chunk 15: states [4405, 4680), phases 1 to 1, raw moves 19940, compiled check true
chunk 16: states [4680, 4950), phases 1 to 1, raw moves 19961, compiled check true
chunk 17: states [4950, 5226), phases 1 to 1, raw moves 19922, compiled check true
chunk 18: states [5226, 5509), phases 1 to 1, raw moves 19937, compiled check true
chunk 19: states [5509, 5782), phases 1 to 1, raw moves 19975, compiled check true
chunk 20: states [5782, 6064), phases 1 to 1, raw moves 19972, compiled check true
chunk 21: states [6064, 6347), phases 1 to 1, raw moves 19973, compiled check true
chunk 22: states [6347, 6624), phases 1 to 1, raw moves 19940, compiled check true
chunk 23: states [6624, 6903), phases 1 to 1, raw moves 19933, compiled check true
chunk 24: states [6903, 7188), phases 1 to 1, raw moves 19998, compiled check true
chunk 25: states [7188, 7472), phases 1 to 1, raw moves 19940, compiled check true
chunk 26: states [7472, 7757), phases 1 to 1, raw moves 19931, compiled check true
chunk 27: states [7757, 8056), phases 1 to 1, raw moves 19978, compiled check true
chunk 28: states [8056, 8347), phases 1 to 1, raw moves 19980, compiled check true
chunk 29: states [8347, 8639), phases 1 to 1, raw moves 19992, compiled check true
chunk 30: states [8639, 8936), phases 1 to 1, raw moves 19973, compiled check true
chunk 31: states [8936, 9236), phases 1 to 1, raw moves 19951, compiled check true
chunk 32: states [9236, 9528), phases 1 to 1, raw moves 19977, compiled check true
chunk 33: states [9528, 9829), phases 1 to 1, raw moves 19933, compiled check true
chunk 34: states [9829, 10127), phases 1 to 1, raw moves 19935, compiled check true
chunk 35: states [10127, 10423), phases 1 to 1, raw moves 19929, compiled check true
chunk 36: states [10423, 10723), phases 1 to 1, raw moves 19946, compiled check true
chunk 37: states [10723, 11069), phases 1 to 1, raw moves 19940, compiled check true
chunk 38: states [11069, 11407), phases 1 to 1, raw moves 19971, compiled check true
chunk 39: states [11407, 11778), phases 1 to 1, raw moves 19993, compiled check true
chunk 40: states [11778, 12531), phases 1 to 1, raw moves 19996, compiled check true
chunk 41: states [12531, 13270), phases 1 to 1, raw moves 19983, compiled check true
chunk 42: states [13270, 14041), phases 1 to 1, raw moves 19989, compiled check true
chunk 43: states [14041, 14573), phases 1 to 1, raw moves 19976, compiled check true
chunk 44: states [14573, 15144), phases 1 to 1, raw moves 19982, compiled check true
chunk 45: states [15144, 15702), phases 1 to 1, raw moves 19965, compiled check true
chunk 46: states [15702, 16269), phases 1 to 1, raw moves 19983, compiled check true
chunk 47: states [16269, 16838), phases 1 to 1, raw moves 19990, compiled check true
chunk 48: states [16838, 17413), phases 1 to 1, raw moves 19996, compiled check true
chunk 49: states [17413, 18018), phases 1 to 1, raw moves 19990, compiled check true
chunk 50: states [18018, 18608), phases 1 to 1, raw moves 19980, compiled check true
chunk 51: states [18608, 19216), phases 1 to 1, raw moves 19987, compiled check true
chunk 52: states [19216, 19843), phases 1 to 1, raw moves 20000, compiled check true
chunk 53: states [19843, 20472), phases 1 to 1, raw moves 19991, compiled check true
chunk 54: states [20472, 21096), phases 1 to 1, raw moves 19982, compiled check true
chunk 55: states [21096, 21948), phases 1 to 1, raw moves 19999, compiled check true
chunk 56: states [21948, 22712), phases 1 to 1, raw moves 19982, compiled check true
chunk 57: states [22712, 23389), phases 1 to 1, raw moves 19979, compiled check true
chunk 58: states [23389, 24073), phases 1 to 1, raw moves 19996, compiled check true
chunk 59: states [24073, 24790), phases 1 to 1, raw moves 19975, compiled check true
chunk 60: states [24790, 25538), phases 1 to 1, raw moves 19986, compiled check true
chunk 61: states [25538, 26373), phases 1 to 1, raw moves 19982, compiled check true
chunk 62: states [26373, 27084), phases 1 to 1, raw moves 19996, compiled check true
chunk 63: states [27084, 27799), phases 1 to 1, raw moves 19992, compiled check true
chunk 64: states [27799, 28560), phases 1 to 1, raw moves 19989, compiled check true
chunk 65: states [28560, 29318), phases 1 to 1, raw moves 19998, compiled check true
chunk 66: states [29318, 30070), phases 1 to 1, raw moves 19988, compiled check true
chunk 67: states [30070, 30835), phases 1 to 1, raw moves 19998, compiled check true
chunk 68: states [30835, 31654), phases 1 to 1, raw moves 19993, compiled check true
chunk 69: states [31654, 32391), phases 1 to 1, raw moves 19987, compiled check true
chunk 70: states [32391, 33163), phases 1 to 1, raw moves 19985, compiled check true
chunk 71: states [33163, 34107), phases 1 to 1, raw moves 19988, compiled check true
chunk 72: states [34107, 34892), phases 1 to 1, raw moves 20000, compiled check true
chunk 73: states [34892, 35683), phases 1 to 1, raw moves 19993, compiled check true
chunk 74: states [35683, 36547), phases 1 to 1, raw moves 19972, compiled check true
chunk 75: states [36547, 37457), phases 1 to 1, raw moves 19983, compiled check true
chunk 76: states [37457, 38298), phases 1 to 1, raw moves 19982, compiled check true
chunk 77: states [38298, 39168), phases 1 to 1, raw moves 19984, compiled check true
chunk 78: states [39168, 40385), phases 1 to 1, raw moves 19986, compiled check true
chunk 79: states [40385, 41698), phases 1 to 1, raw moves 20000, compiled check true
chunk 80: states [41698, 42139), phases 1 to 2, raw moves 19992, compiled check true
chunk 81: states [42139, 42437), phases 2 to 2, raw moves 19953, compiled check true
chunk 82: states [42437, 42744), phases 2 to 2, raw moves 19975, compiled check true
chunk 83: states [42744, 43066), phases 2 to 2, raw moves 19997, compiled check true
chunk 84: states [43066, 43392), phases 2 to 2, raw moves 19982, compiled check true
chunk 85: states [43392, 43744), phases 2 to 2, raw moves 19956, compiled check true
chunk 86: states [43744, 44040), phases 2 to 2, raw moves 19987, compiled check true
chunk 87: states [44040, 44290), phases 2 to 2, raw moves 19969, compiled check true
chunk 88: states [44290, 44543), phases 2 to 2, raw moves 19960, compiled check true
chunk 89: states [44543, 44799), phases 2 to 2, raw moves 19930, compiled check true
chunk 90: states [44799, 45064), phases 2 to 2, raw moves 19995, compiled check true
chunk 91: states [45064, 45324), phases 2 to 2, raw moves 19939, compiled check true
chunk 92: states [45324, 45592), phases 2 to 2, raw moves 20000, compiled check true
chunk 93: states [45592, 45887), phases 2 to 2, raw moves 19946, compiled check true
chunk 94: states [45887, 46158), phases 2 to 2, raw moves 19989, compiled check true
chunk 95: states [46158, 46429), phases 2 to 2, raw moves 19956, compiled check true
chunk 96: states [46429, 46704), phases 2 to 2, raw moves 19940, compiled check true
chunk 97: states [46704, 46982), phases 2 to 2, raw moves 19938, compiled check true
chunk 98: states [46982, 47260), phases 2 to 2, raw moves 19984, compiled check true
chunk 99: states [47260, 47539), phases 2 to 2, raw moves 19971, compiled check true
chunk 100: states [47539, 47817), phases 2 to 2, raw moves 19959, compiled check true
chunk 101: states [47817, 48096), phases 2 to 2, raw moves 19958, compiled check true
chunk 102: states [48096, 48376), phases 2 to 2, raw moves 19964, compiled check true
chunk 103: states [48376, 48664), phases 2 to 2, raw moves 19966, compiled check true
chunk 104: states [48664, 48947), phases 2 to 2, raw moves 19952, compiled check true
chunk 105: states [48947, 49237), phases 2 to 2, raw moves 19943, compiled check true
chunk 106: states [49237, 49527), phases 2 to 2, raw moves 19962, compiled check true
chunk 107: states [49527, 49816), phases 2 to 2, raw moves 19986, compiled check true
chunk 108: states [49816, 50106), phases 2 to 2, raw moves 19977, compiled check true
chunk 109: states [50106, 50400), phases 2 to 2, raw moves 19942, compiled check true
chunk 110: states [50400, 50694), phases 2 to 2, raw moves 19969, compiled check true
chunk 111: states [50694, 50987), phases 2 to 2, raw moves 19941, compiled check true
chunk 112: states [50987, 51279), phases 2 to 2, raw moves 19956, compiled check true
chunk 113: states [51279, 51572), phases 2 to 2, raw moves 19966, compiled check true
chunk 114: states [51572, 51912), phases 2 to 2, raw moves 19992, compiled check true
chunk 115: states [51912, 52248), phases 2 to 2, raw moves 19978, compiled check true
chunk 116: states [52248, 52569), phases 2 to 2, raw moves 19985, compiled check true
chunk 117: states [52569, 53298), phases 2 to 2, raw moves 19998, compiled check true
chunk 118: states [53298, 54022), phases 2 to 2, raw moves 19972, compiled check true
chunk 119: states [54022, 54792), phases 2 to 2, raw moves 19984, compiled check true
chunk 120: states [54792, 55322), phases 2 to 2, raw moves 19972, compiled check true
chunk 121: states [55322, 55886), phases 2 to 2, raw moves 19994, compiled check true
chunk 122: states [55886, 56441), phases 2 to 2, raw moves 19995, compiled check true
chunk 123: states [56441, 57007), phases 2 to 2, raw moves 19970, compiled check true
chunk 124: states [57007, 57569), phases 2 to 2, raw moves 19978, compiled check true
chunk 125: states [57569, 58145), phases 2 to 2, raw moves 19994, compiled check true
chunk 126: states [58145, 58739), phases 2 to 2, raw moves 20000, compiled check true
chunk 127: states [58739, 59325), phases 2 to 2, raw moves 19993, compiled check true
chunk 128: states [59325, 59936), phases 2 to 2, raw moves 19969, compiled check true
chunk 129: states [59936, 60543), phases 2 to 2, raw moves 19982, compiled check true
chunk 130: states [60543, 61145), phases 2 to 2, raw moves 19981, compiled check true
chunk 131: states [61145, 61886), phases 2 to 2, raw moves 19985, compiled check true
chunk 132: states [61886, 62710), phases 2 to 2, raw moves 19992, compiled check true
chunk 133: states [62710, 63415), phases 2 to 2, raw moves 19982, compiled check true
chunk 134: states [63415, 64085), phases 2 to 2, raw moves 19978, compiled check true
chunk 135: states [64085, 64787), phases 2 to 2, raw moves 19993, compiled check true
chunk 136: states [64787, 65512), phases 2 to 2, raw moves 20000, compiled check true
chunk 137: states [65512, 66369), phases 2 to 2, raw moves 19982, compiled check true
chunk 138: states [66369, 67069), phases 2 to 2, raw moves 19992, compiled check true
chunk 139: states [67069, 67772), phases 2 to 2, raw moves 19999, compiled check true
chunk 140: states [67772, 68509), phases 2 to 2, raw moves 19978, compiled check true
chunk 141: states [68509, 69285), phases 2 to 2, raw moves 19987, compiled check true
chunk 142: states [69285, 70016), phases 2 to 2, raw moves 19979, compiled check true
chunk 143: states [70016, 70784), phases 2 to 2, raw moves 19986, compiled check true
chunk 144: states [70784, 71538), phases 2 to 2, raw moves 19999, compiled check true
chunk 145: states [71538, 72368), phases 2 to 2, raw moves 19986, compiled check true
chunk 146: states [72368, 73101), phases 2 to 2, raw moves 19981, compiled check true
chunk 147: states [73101, 73846), phases 2 to 2, raw moves 19983, compiled check true
chunk 148: states [73846, 74770), phases 2 to 2, raw moves 19986, compiled check true
chunk 149: states [74770, 75535), phases 2 to 2, raw moves 20000, compiled check true
chunk 150: states [75535, 76303), phases 2 to 2, raw moves 19983, compiled check true
chunk 151: states [76303, 77136), phases 2 to 2, raw moves 19998, compiled check true
chunk 152: states [77136, 78024), phases 2 to 2, raw moves 19994, compiled check true
chunk 153: states [78024, 78859), phases 2 to 2, raw moves 19982, compiled check true
chunk 154: states [78859, 79697), phases 2 to 2, raw moves 19989, compiled check true
chunk 155: states [79697, 80990), phases 2 to 2, raw moves 19988, compiled check true
chunk 156: states [80990, 82237), phases 2 to 3, raw moves 19955, compiled check true
chunk 157: states [82237, 82558), phases 3 to 3, raw moves 19965, compiled check true
chunk 158: states [82558, 82861), phases 3 to 3, raw moves 19947, compiled check true
chunk 159: states [82861, 83173), phases 3 to 3, raw moves 19984, compiled check true
chunk 160: states [83173, 83491), phases 3 to 3, raw moves 19970, compiled check true
chunk 161: states [83491, 83842), phases 3 to 3, raw moves 19954, compiled check true
chunk 162: states [83842, 84142), phases 3 to 3, raw moves 19940, compiled check true
chunk 163: states [84142, 84400), phases 3 to 3, raw moves 19952, compiled check true
chunk 164: states [84400, 84652), phases 3 to 3, raw moves 19994, compiled check true
chunk 165: states [84652, 84906), phases 3 to 3, raw moves 19962, compiled check true
chunk 166: states [84906, 85168), phases 3 to 3, raw moves 19984, compiled check true
chunk 167: states [85168, 85427), phases 3 to 3, raw moves 19962, compiled check true
chunk 168: states [85427, 85709), phases 3 to 3, raw moves 19984, compiled check true
chunk 169: states [85709, 85995), phases 3 to 3, raw moves 19949, compiled check true
chunk 170: states [85995, 86261), phases 3 to 3, raw moves 19956, compiled check true
chunk 171: states [86261, 86535), phases 3 to 3, raw moves 19997, compiled check true
chunk 172: states [86535, 86815), phases 3 to 3, raw moves 19990, compiled check true
chunk 173: states [86815, 87088), phases 3 to 3, raw moves 19990, compiled check true
chunk 174: states [87088, 87364), phases 3 to 3, raw moves 19944, compiled check true
chunk 175: states [87364, 87643), phases 3 to 3, raw moves 19956, compiled check true
chunk 176: states [87643, 87922), phases 3 to 3, raw moves 19960, compiled check true
chunk 177: states [87922, 88200), phases 3 to 3, raw moves 19986, compiled check true
chunk 178: states [88200, 88488), phases 3 to 3, raw moves 19949, compiled check true
chunk 179: states [88488, 88767), phases 3 to 3, raw moves 19954, compiled check true
chunk 180: states [88767, 89051), phases 3 to 3, raw moves 19998, compiled check true
chunk 181: states [89051, 89339), phases 3 to 3, raw moves 19940, compiled check true
chunk 182: states [89339, 89626), phases 3 to 3, raw moves 19961, compiled check true
chunk 183: states [89626, 89910), phases 3 to 3, raw moves 19996, compiled check true
chunk 184: states [89910, 90201), phases 3 to 3, raw moves 19990, compiled check true
chunk 185: states [90201, 90492), phases 3 to 3, raw moves 19936, compiled check true
chunk 186: states [90492, 90782), phases 3 to 3, raw moves 19934, compiled check true
chunk 187: states [90782, 91072), phases 3 to 3, raw moves 19951, compiled check true
chunk 188: states [91072, 91401), phases 3 to 3, raw moves 19990, compiled check true
chunk 189: states [91401, 91743), phases 3 to 3, raw moves 19961, compiled check true
chunk 190: states [91743, 92062), phases 3 to 3, raw moves 19951, compiled check true
chunk 191: states [92062, 92738), phases 3 to 3, raw moves 19981, compiled check true
chunk 192: states [92738, 93457), phases 3 to 3, raw moves 19983, compiled check true
chunk 193: states [93457, 94237), phases 3 to 3, raw moves 19990, compiled check true
chunk 194: states [94237, 94766), phases 3 to 3, raw moves 19979, compiled check true
chunk 195: states [94766, 95328), phases 3 to 3, raw moves 19988, compiled check true
chunk 196: states [95328, 95881), phases 3 to 3, raw moves 19992, compiled check true
chunk 197: states [95881, 96445), phases 3 to 3, raw moves 19983, compiled check true
chunk 198: states [96445, 97009), phases 3 to 3, raw moves 19982, compiled check true
chunk 199: states [97009, 97584), phases 3 to 3, raw moves 19978, compiled check true
chunk 200: states [97584, 98159), phases 3 to 3, raw moves 19993, compiled check true
chunk 201: states [98159, 98744), phases 3 to 3, raw moves 19986, compiled check true
chunk 202: states [98744, 99351), phases 3 to 3, raw moves 19979, compiled check true
chunk 203: states [99351, 99949), phases 3 to 3, raw moves 19970, compiled check true
chunk 204: states [99949, 100550), phases 3 to 3, raw moves 19987, compiled check true
chunk 205: states [100550, 101306), phases 3 to 3, raw moves 19997, compiled check true
chunk 206: states [101306, 102132), phases 3 to 3, raw moves 19984, compiled check true
chunk 207: states [102132, 102841), phases 3 to 3, raw moves 19986, compiled check true
chunk 208: states [102841, 103516), phases 3 to 3, raw moves 19987, compiled check true
chunk 209: states [103516, 104196), phases 3 to 3, raw moves 19997, compiled check true
chunk 210: states [104196, 104918), phases 3 to 3, raw moves 19973, compiled check true
chunk 211: states [104918, 105734), phases 3 to 3, raw moves 19996, compiled check true
chunk 212: states [105734, 106491), phases 3 to 3, raw moves 19990, compiled check true
chunk 213: states [106491, 107197), phases 3 to 3, raw moves 19988, compiled check true
chunk 214: states [107197, 107922), phases 3 to 3, raw moves 19988, compiled check true
chunk 215: states [107922, 108666), phases 3 to 3, raw moves 19989, compiled check true
chunk 216: states [108666, 109430), phases 3 to 3, raw moves 19983, compiled check true
chunk 217: states [109430, 110172), phases 3 to 3, raw moves 19991, compiled check true
chunk 218: states [110172, 110921), phases 3 to 3, raw moves 19990, compiled check true
chunk 219: states [110921, 111724), phases 3 to 3, raw moves 19982, compiled check true
chunk 220: states [111724, 112515), phases 3 to 3, raw moves 19984, compiled check true
chunk 221: states [112515, 113241), phases 3 to 3, raw moves 19976, compiled check true
chunk 222: states [113241, 113984), phases 3 to 3, raw moves 19982, compiled check true
chunk 223: states [113984, 114864), phases 3 to 3, raw moves 19987, compiled check true
chunk 224: states [114864, 115628), phases 3 to 3, raw moves 19978, compiled check true
chunk 225: states [115628, 116454), phases 3 to 3, raw moves 19981, compiled check true
chunk 226: states [116454, 117264), phases 3 to 3, raw moves 19980, compiled check true
chunk 227: states [117264, 118079), phases 3 to 3, raw moves 19976, compiled check true
chunk 228: states [118079, 118929), phases 3 to 3, raw moves 19987, compiled check true
chunk 229: states [118929, 120086), phases 3 to 3, raw moves 19994, compiled check true
chunk 230: states [120086, 121418), phases 3 to 3, raw moves 19991, compiled check true
chunk 231: states [121418, 121917), phases 3 to 4, raw moves 19952, compiled check true
chunk 232: states [121917, 122215), phases 4 to 4, raw moves 19975, compiled check true
chunk 233: states [122215, 122525), phases 4 to 4, raw moves 19978, compiled check true
chunk 234: states [122525, 122840), phases 4 to 4, raw moves 19982, compiled check true
chunk 235: states [122840, 123190), phases 4 to 4, raw moves 20000, compiled check true
chunk 236: states [123190, 123477), phases 4 to 4, raw moves 19962, compiled check true
chunk 237: states [123477, 123726), phases 4 to 4, raw moves 19971, compiled check true
chunk 238: states [123726, 123977), phases 4 to 4, raw moves 19986, compiled check true
chunk 239: states [123977, 124234), phases 4 to 4, raw moves 19972, compiled check true
chunk 240: states [124234, 124493), phases 4 to 4, raw moves 19999, compiled check true
chunk 241: states [124493, 124762), phases 4 to 4, raw moves 19990, compiled check true
chunk 242: states [124762, 125051), phases 4 to 4, raw moves 19939, compiled check true
chunk 243: states [125051, 125323), phases 4 to 4, raw moves 19930, compiled check true
chunk 244: states [125323, 125593), phases 4 to 4, raw moves 19941, compiled check true
chunk 245: states [125593, 125873), phases 4 to 4, raw moves 19945, compiled check true
chunk 246: states [125873, 126143), phases 4 to 4, raw moves 19947, compiled check true
chunk 247: states [126143, 126420), phases 4 to 4, raw moves 19989, compiled check true
chunk 248: states [126420, 126698), phases 4 to 4, raw moves 19980, compiled check true
chunk 249: states [126698, 126976), phases 4 to 4, raw moves 19955, compiled check true
chunk 250: states [126976, 127254), phases 4 to 4, raw moves 19944, compiled check true
chunk 251: states [127254, 127541), phases 4 to 4, raw moves 19981, compiled check true
chunk 252: states [127541, 127819), phases 4 to 4, raw moves 20000, compiled check true
chunk 253: states [127819, 128104), phases 4 to 4, raw moves 19946, compiled check true
chunk 254: states [128104, 128386), phases 4 to 4, raw moves 19997, compiled check true
chunk 255: states [128386, 128670), phases 4 to 4, raw moves 19931, compiled check true
chunk 256: states [128670, 128957), phases 4 to 4, raw moves 19976, compiled check true
chunk 257: states [128957, 129243), phases 4 to 4, raw moves 19961, compiled check true
chunk 258: states [129243, 129531), phases 4 to 4, raw moves 19978, compiled check true
chunk 259: states [129531, 129822), phases 4 to 4, raw moves 19951, compiled check true
chunk 260: states [129822, 130167), phases 4 to 4, raw moves 19991, compiled check true
chunk 261: states [130167, 130509), phases 4 to 4, raw moves 19973, compiled check true
chunk 262: states [130509, 131004), phases 4 to 4, raw moves 19984, compiled check true
chunk 263: states [131004, 131693), phases 4 to 4, raw moves 19984, compiled check true
chunk 264: states [131693, 132498), phases 4 to 4, raw moves 19995, compiled check true
chunk 265: states [132498, 133093), phases 4 to 4, raw moves 19979, compiled check true
chunk 266: states [133093, 133635), phases 4 to 4, raw moves 19987, compiled check true
chunk 267: states [133635, 134198), phases 4 to 4, raw moves 19972, compiled check true
chunk 268: states [134198, 134769), phases 4 to 4, raw moves 19973, compiled check true
chunk 269: states [134769, 135325), phases 4 to 4, raw moves 19981, compiled check true
chunk 270: states [135325, 135890), phases 4 to 4, raw moves 19991, compiled check true
chunk 271: states [135890, 136462), phases 4 to 4, raw moves 19990, compiled check true
chunk 272: states [136462, 137047), phases 4 to 4, raw moves 19978, compiled check true
chunk 273: states [137047, 137635), phases 4 to 4, raw moves 19979, compiled check true
chunk 274: states [137635, 138225), phases 4 to 4, raw moves 19989, compiled check true
chunk 275: states [138225, 138835), phases 4 to 4, raw moves 19976, compiled check true
chunk 276: states [138835, 139496), phases 4 to 4, raw moves 19985, compiled check true
chunk 277: states [139496, 140331), phases 4 to 4, raw moves 19975, compiled check true
chunk 278: states [140331, 141103), phases 4 to 4, raw moves 19983, compiled check true
chunk 279: states [141103, 141780), phases 4 to 4, raw moves 19979, compiled check true
chunk 280: states [141780, 142453), phases 4 to 4, raw moves 19993, compiled check true
chunk 281: states [142453, 143161), phases 4 to 4, raw moves 19982, compiled check true
chunk 282: states [143161, 143885), phases 4 to 4, raw moves 19989, compiled check true
chunk 283: states [143885, 144758), phases 4 to 4, raw moves 19994, compiled check true
chunk 284: states [144758, 145466), phases 4 to 4, raw moves 19971, compiled check true
chunk 285: states [145466, 146159), phases 4 to 4, raw moves 19992, compiled check true
chunk 286: states [146159, 146890), phases 4 to 4, raw moves 19983, compiled check true
chunk 287: states [146890, 147670), phases 4 to 4, raw moves 19990, compiled check true
chunk 288: states [147670, 148402), phases 4 to 4, raw moves 19998, compiled check true
chunk 289: states [148402, 149151), phases 4 to 4, raw moves 19984, compiled check true
chunk 290: states [149151, 149896), phases 4 to 4, raw moves 19979, compiled check true
chunk 291: states [149896, 150721), phases 4 to 4, raw moves 19989, compiled check true
chunk 292: states [150721, 151480), phases 4 to 4, raw moves 19979, compiled check true
chunk 293: states [151480, 152197), phases 4 to 4, raw moves 19982, compiled check true
chunk 294: states [152197, 153004), phases 4 to 4, raw moves 20000, compiled check true
chunk 295: states [153004, 153797), phases 4 to 4, raw moves 19995, compiled check true
chunk 296: states [153797, 154557), phases 4 to 4, raw moves 19984, compiled check true
chunk 297: states [154557, 155361), phases 4 to 4, raw moves 19989, compiled check true
chunk 298: states [155361, 156210), phases 4 to 4, raw moves 19984, compiled check true
chunk 299: states [156210, 157050), phases 4 to 4, raw moves 19990, compiled check true
chunk 300: states [157050, 158174), phases 4 to 4, raw moves 19996, compiled check true
chunk 301: states [158174, 159521), phases 4 to 4, raw moves 19990, compiled check true
chunk 302: states [159521, 159786), phases 4 to 4, raw moves 4916, compiled check true
wrote 145 data modules, Data.lean, 61 theorem modules and All.lean under TREE/FrogModel/G3Q/Cand
