h 0 written
h 1 deficit_rho 18
h 2 deficit_rho 51
h 3 deficit_rho 76
h 4 deficit_rho 91
h 5 deficit_rho 99
h 6 deficit_rho 111
h 7 deficit_rho 117
h 8 deficit_rho 121
h 9 deficit_rho 125
h 10 deficit_rho 129
h 11 deficit_rho 136
h 12 deficit_rho 136
h 13 deficit_rho 145
h 14 deficit_rho 149
h 15 deficit_rho 152
h 16 deficit_rho 161
h 17 deficit_rho 162
h 18 deficit_rho 163
h 19 deficit_rho 166
h 20 deficit_rho 171
h 21 deficit_rho 176
h 22 deficit_rho 179
h 23 deficit_rho 184
h 24 deficit_rho 183
h 25 deficit_rho 193
h 26 deficit_rho 200
h 27 deficit_rho 193
h 28 deficit_rho 207
h 29 deficit_rho 206
h 30 deficit_rho 215
h 31 deficit_rho 216
h 32 deficit_rho 223
h 33 deficit_rho 227
h 34 deficit_rho 234
h 35 deficit_rho 238
h 36 deficit_rho 246
h 37 deficit_rho 249
h 38 deficit_rho 262
h 39 deficit_rho 268
h 40 deficit_rho 277
h 41 deficit_rho 281
h 42 deficit_rho 291
h 43 deficit_rho 302
h 44 deficit_rho 311
h 45 deficit_rho 320
h 46 deficit_rho 324
h 47 deficit_rho 348
h 48 deficit_rho 362
h 49 deficit_rho 370
h 50 deficit_rho 385
h 51 deficit_rho 395
h 52 deficit_rho 408
h 53 deficit_rho 425
h 54 deficit_rho 446
h 55 deficit_rho 458
h 56 deficit_rho 483
h 57 deficit_rho 493
h 58 deficit_rho 511
h 59 deficit_rho 538
h 60 deficit_rho 552
h 61 deficit_rho 569
h 62 deficit_rho 589
h 63 deficit_rho 612
h 64 deficit_rho 635
h 65 deficit_rho 653
h 66 deficit_rho 681
h 67 deficit_rho 694
h 68 deficit_rho 718
h 69 deficit_rho 742
h 70 deficit_rho 766
h 71 deficit_rho 784
h 72 deficit_rho 805
h 73 deficit_rho 836
h 74 deficit_rho 851
h 75 deficit_rho 875
h 76 deficit_rho 897
h 77 deficit_rho 922
h 78 deficit_rho 957
h 79 deficit_rho 978
h 80 deficit_rho 995
h 81 deficit_rho 1016
h 82 deficit_rho 1042
h 83 deficit_rho 1066
h 84 deficit_rho 1091
h 85 deficit_rho 1112
h 86 deficit_rho 1145
h 87 deficit_rho 1178
h 88 deficit_rho 1186
h 89 deficit_rho 1223
h 90 deficit_rho 1245
h 91 deficit_rho 1269
h 92 deficit_rho 1291
h 93 deficit_rho 1322
h 94 deficit_rho 1345
h 95 deficit_rho 1373
h 96 deficit_rho 1395
h 97 deficit_rho 1419
h 98 deficit_rho 1439
h 99 deficit_rho 1473
top 100 written
e59e49e1f4982e89faa9c902631e511886f3238fcbc1fa95b7a68740ff10085c  m1run_V48_P96_h100.txt
20899e67ffede92c5a40da027d7cac84730974e39fdca2fc53af912fe9b6e227  mass_V48_h100.txt
the run and the masses equal the inputs of ../m1gen/modules.sha256
