# seed at 100 (E 32, GM 96)
seed at 100: delta(1) 0.444414 delta(E) 0.312587 F(1, 11) 8.357710e-2
# 500 steps to 600 at (32, 96, 16, 12)
150 delta(1) 0.33901 delta(12) 0.26865 delta(E) 0.23912 worst 0.999999999985 s4 0
200 delta(1) 0.27095 delta(12) 0.20655 delta(E) 0.18878 worst 0.999999999985 s4 0
250 delta(1) 0.23047 delta(12) 0.16740 delta(E) 0.15554 worst 0.999999999985 s4 0
300 delta(1) 0.20338 delta(12) 0.14070 delta(E) 0.13223 worst 0.999999999985 s4 0
350 delta(1) 0.18396 delta(12) 0.12135 delta(E) 0.11499 worst 0.999999999985 s4 0
400 delta(1) 0.16937 delta(12) 0.10669 delta(E) 0.10173 worst 0.999999999985 s4 0
450 delta(1) 0.15798 delta(12) 0.09519 delta(E) 0.09122 worst 0.999999999985 s4 0
500 delta(1) 0.14886 delta(12) 0.08594 delta(E) 0.08268 worst 0.999999999985 s4 0
550 delta(1) 0.14140 delta(12) 0.07833 delta(E) 0.07561 worst 0.999999999985 s4 0
600 delta(1) 0.13518 delta(12) 0.07196 delta(E) 0.06966 worst 0.999999999985 s4 0
# extension to (64, 224) at 600 and five steps at (64, 224, 32, 24)
ext at 600: E 32 -> 64, GM 96 -> 224
601 delta(1) 0.13507 delta(12) 0.07182 delta(E) 0.06621 F(1, 16) 6.6168e-2 F(4, 16) 1.0905e-3 worst 0.999999999985 s4 0
602 delta(1) 0.13484 delta(12) 0.07170 delta(E) 0.06611 F(1, 16) 6.6166e-2 F(4, 16) 1.0900e-3 worst 0.999999999985 s4 0
603 delta(1) 0.13473 delta(12) 0.07158 delta(E) 0.06601 F(1, 16) 6.6166e-2 F(4, 16) 1.0900e-3 worst 0.999999999985 s4 0
604 delta(1) 0.13462 delta(12) 0.07147 delta(E) 0.06591 F(1, 16) 6.6166e-2 F(4, 16) 1.0900e-3 worst 0.999999999985 s4 0
605 delta(1) 0.13450 delta(12) 0.07135 delta(E) 0.06581 F(1, 16) 6.6166e-2 F(4, 16) 1.0900e-3 worst 0.999999999985 s4 0
# d3-fhat: floating point search of T on [605, 1778279] from the state at 600 (margins 1e-8, 12 iterations)
# FHAT_SAVET: T of iteration 11 written to T605.txt (FAIL)
# outward-rounded interval check of T on [605, 1778279], row mode1
tcheck on [605, 1778279]: all components named, worst term/stored 0.999999989999; hand-over row mode1: interval [605, 1778279] is [a, 1778279] with a <= 1778249; delta_T(1) 0.134502 <= 2/5 true; delta_T(62) 0.070891 <= 7045771/88917100 true: MET
# manifest and verification of the chain
0 OK seed at 100; largest term/stored 0.999999999985; names 1:1568 M:32 R:1536
1 OK step 100 -> 101 (s4 0); largest term/stored 0.999999999985; names 1:743 A:314 L:9 S2:23 S3:2047
2 OK step 101 -> 102 (s4 0); largest term/stored 0.999999999985; names 1:745 A:299 L:6 S2:26 S3:2060
...
506 OK step 604 -> 605 (s4 0); largest term/stored 0.999999999985; names A:1967 L:5159 S2:45 S3:7293
507 OK interval check on [605, 1778279], T >= S_a; hand-over (exact comparisons) row mode1: interval [605, 1778279] is [a, 1778279] with a <= 1778249; delta_T(1) 0.134502 <= 2/5 true; delta_T(62) 0.070891 <= 7045771/88917100 true: MET; largest term/stored 0.999999989999; names A:1962 L:5129 S3:7373
verify: 508 lines checked, 0 failed: PASS; the whole manifest from the seed, ending in a check whose hand-over is MET: (CertS) holds
# sha256 of the 510 files of the manifest against the inputs of ../d3chain/modules.sha256, and of T605.txt
the 510 files equal the inputs of ../d3chain/modules.sha256, and T605.txt has the sha256 of this script
