e 6.25 [1.778279e6, 3.162278e6]: J 62 LJ 1.8339e-8 (Lemma 10 D=6 a=8 b=1.5) (K1) 1.9331e-2; L1 0.348350 (Lemma 9 k=8J) slope margin 4.1837e-3; base required 545808.85
  detail: y 180792 jackpot10 >= 0.4235251538; p1 >= 0.5990150434; (K1)/eps <= 0.966571
e 6.50 [3.162278e6, 5.623413e6]: J 62 LJ 2.0773e-10 (Lemma 10 D=6 a=8 b=1.5) (K1) 3.8939e-4; L1 0.348083 (Lemma 9 k=8J) slope margin 4.2674e-3; base required 536525.74
  detail: y 180792 jackpot10 >= 0.5166034894; p1 >= 0.5993244618; (K1)/eps <= 0.019470
e 6.75 [5.623413e6, 1.000000e7]: J 62 LJ 6.0165e-11 (Lemma 10 D=6 a=8 b=1.5) (K1) 2.0055e-4; L1 0.347906 (Lemma 9 k=8J) slope margin 4.3226e-3; base required 519948.82
  detail: y 180792 jackpot10 >= 0.5568977359; p1 >= 0.5995288323; (K1)/eps <= 0.010028
e 7.00 [1.000000e7, 1.778279e7]: J 62 LJ 1.3072e-11 (Lemma 10 D=6 a=12 b=1.5) (K1) 7.7488e-5; L1 0.347788 (Lemma 9 k=8J) slope margin 4.3599e-3; base required 490378.16
  detail: y 271188 jackpot10 >= 0.5642772975; p1 >= 0.5996665691; (K1)/eps <= 0.003875
e 7.25 [1.778279e7, 3.162278e7]: J 62 LJ 3.4601e-12 (Lemma 10 D=7 a=12 b=1.5) (K1) 3.6473e-5; L1 0.347706 (Lemma 9 k=8J) slope margin 4.3854e-3; base required 437670.04
  detail: y 813564 jackpot10 >= 0.5361281098; p1 >= 0.5997611424; (K1)/eps <= 0.001824
e 7.50 [3.162278e7, 5.623413e7]: J 62 LJ 5.2952e-13 (Lemma 10 D=7 a=12 b=1.5) (K1) 9.9258e-6; L1 0.347649 (Lemma 9 k=8J) slope margin 4.4033e-3; base required 343775.82
  detail: y 813564 jackpot10 >= 0.5663784492; p1 >= 0.5998271664; (K1)/eps <= 0.000497
e 7.75 [5.623413e7, 1.000000e8]: J 62 LJ 1.9984e-13 (Lemma 10 D=7 a=12 b=1.5) (K1) 6.6614e-6; L1 0.347609 (Lemma 9 k=8J) slope margin 4.4159e-3; base required 176586.28
  detail: y 813564 jackpot10 >= 0.5817306510; p1 >= 0.5998739260; (K1)/eps <= 0.000334
e 8.00 [1.000000e8, 1.778279e8]: J 62 LJ 1.1822e-13 (Lemma 10 D=7 a=12 b=1.5) (K1) 7.0073e-6; L1 0.347580 (Lemma 9 k=8J) slope margin 4.4250e-3; base required -121016.06
  detail: y 813564 jackpot10 >= 0.5899042222; p1 >= 0.5999074440; (K1)/eps <= 0.000351
e 8.25 [1.778279e8, 3.162278e8]: J 62 LJ 6.1394e-14 (Lemma 10 D=8 a=12 b=1.5) (K1) 6.4715e-6; L1 0.347559 (Lemma 9 k=8J) slope margin 4.4315e-3; base required -650626.42
  detail: y 2440692 jackpot10 >= 0.5827549678; p1 >= 0.5999317096; (K1)/eps <= 0.000324
e 8.50 [3.162278e8, 5.623413e8]: J 62 LJ 3.6508e-14 (Lemma 10 D=8 a=12 b=1.5) (K1) 6.8433e-6; L1 0.347544 (Lemma 9 k=8J) slope margin 4.4363e-3; base required -1592942.08
  detail: y 2440692 jackpot10 >= 0.5904688359; p1 >= 0.5999494173; (K1)/eps <= 0.000343
e 8.75 [5.623413e8, 1.000000e9]: J 62 LJ 2.7427e-14 (Lemma 10 D=8 a=12 b=1.5) (K1) 9.1424e-6; L1 0.347532 (Lemma 9 k=8J) slope margin 4.4398e-3; base required -3269336.66
  detail: y 2440692 jackpot10 >= 0.5946860093; p1 >= 0.5999624214; (K1)/eps <= 0.000458
e 9.00 [1.000000e9, 1.778279e9]: J 62 LJ 2.3396e-14 (Lemma 10 D=8 a=12 b=1.5) (K1) 1.3868e-5; L1 0.347524 (Lemma 9 k=8J) slope margin 4.4424e-3; base required -6251360.17
  detail: y 2440692 jackpot10 >= 0.5970219781; p1 >= 0.5999720186; (K1)/eps <= 0.000694
e 9.25 [1.778279e9, 3.162278e9]: J 62 LJ 1.8226e-14 (Lemma 10 D=9 a=12 b=1.5) (K1) 1.9211e-5; L1 0.347518 (Lemma 9 k=8J) slope margin 4.4444e-3; base required -11555465.41
  detail: y 7322076 jackpot10 >= 0.5949764020; p1 >= 0.5999791285; (K1)/eps <= 0.000961
e 9.50 [3.162278e9, 5.623413e9]: J 62 LJ 1.5642e-14 (Lemma 10 D=9 a=12 b=1.5) (K1) 2.9321e-5; L1 0.347513 (Lemma 9 k=8J) slope margin 4.4458e-3; base required -20989292.46
  detail: y 7322076 jackpot10 >= 0.5971865238; p1 >= 0.5999844114; (K1)/eps <= 0.001467
e 9.75 [5.623413e9, 1.000000e10]: J 62 LJ 1.4361e-14 (Lemma 10 D=9 a=12 b=1.5) (K1) 4.7871e-5; L1 0.347510 (Lemma 9 k=8J) slope margin 4.4469e-3; base required -37767467.70
  detail: y 7322076 jackpot10 >= 0.5984197951; p1 >= 0.5999883455; (K1)/eps <= 0.002394
e 10.00 [1.000000e10, 1.778279e10]: J 62 LJ 1.3578e-14 (Lemma 10 D=10 a=12 b=1.5) (K1) 8.0486e-5; L1 0.347508 (Lemma 9 k=8J) slope margin 4.4476e-3; base required -67606678.16
  detail: y 21966228 jackpot10 >= 0.5973378491; p1 >= 0.5999912802; (K1)/eps <= 0.004025
e 10.25 [1.778279e10, 3.162278e10]: J 62 LJ 1.2517e-14 (Lemma 10 D=10 a=12 b=1.5) (K1) 1.3194e-4; L1 0.347506 (Lemma 9 k=8J) slope margin 4.4482e-3; base required -120673034.79
  detail: y 21966228 jackpot10 >= 0.5985056659; p1 >= 0.5999934722; (K1)/eps <= 0.006598
e 10.50 [3.162278e10, 5.623413e10]: J 62 LJ 1.1959e-14 (Lemma 10 D=10 a=12 b=1.5) (K1) 2.2417e-4; L1 0.347504 (Lemma 9 k=8J) slope margin 4.4487e-3; base required -215045048.99
  detail: y 21966228 jackpot10 >= 0.5991598193; p1 >= 0.5999951111; (K1)/eps <= 0.011209
e 10.75 [5.623413e10, 1.000000e11]: J 62 LJ 1.1657e-14 (Lemma 10 D=10 a=12 b=1.5) (K1) 3.8856e-4; L1 0.347503 (Lemma 9 k=8J) slope margin 4.4490e-3; base required -382871799.45
  detail: y 21966228 jackpot10 >= 0.5995270486; p1 >= 0.5999963374; (K1)/eps <= 0.019428
e 11.00 [1.000000e11, 1.778279e11]: J 62 LJ 1.1409e-14 (Lemma 10 D=11 a=12 b=1.5) (K1) 6.7627e-4; L1 0.347502 (Lemma 9 k=8J) slope margin 4.4493e-3; base required -681323909.89
  detail: y 65898684 jackpot10 >= 0.5992049053; p1 >= 0.5999972554; (K1)/eps <= 0.033814
e 11.25 [1.778279e11, 3.162278e11]: J 62 LJ 1.1135e-14 (Lemma 10 D=11 a=12 b=1.5) (K1) 1.1737e-3; L1 0.347502 (Lemma 9 k=8J) slope margin 4.4494e-3; base required -1212067495.35
  detail: y 65898684 jackpot10 >= 0.5995527584; p1 >= 0.5999979429; (K1)/eps <= 0.058686
e 11.50 [3.162278e11, 5.623413e11]: J 62 LJ 1.0984e-14 (Lemma 10 D=11 a=12 b=1.5) (K1) 2.0589e-3; L1 0.347501 (Lemma 9 k=8J) slope margin 4.4496e-3; base required -2155894344.48
  detail: y 65898684 jackpot10 >= 0.5997482346; p1 >= 0.5999984580; (K1)/eps <= 0.102944
e 11.75 [5.623413e11, 1.000000e12]: J 62 LJ 1.0900e-14 (Lemma 10 D=11 a=12 b=1.5) (K1) 3.6332e-3; L1 0.347501 (Lemma 9 k=8J) slope margin 4.4497e-3; base required -3834304145.49
  detail: y 65898684 jackpot10 >= 0.5998581717; p1 >= 0.5999988440; (K1)/eps <= 0.181661
e 12.00 [1.000000e12, 1.778279e12]: J 62 LJ 1.0813e-14 (Lemma 10 D=12 a=12 b=1.5) (K1) 6.4097e-3; L1 0.347501 (Lemma 9 k=8J) slope margin 4.4498e-3; base required -6819015005.14
  detail: y 197696052 jackpot10 >= 0.5997617574; p1 >= 0.5999991333; (K1)/eps <= 0.320486
e 12.25 [1.778279e12, 3.162278e12]: J 62 LJ 1.0735e-14 (Lemma 10 D=12 a=12 b=1.5) (K1) 1.1316e-2; L1 0.347501 (Lemma 9 k=8J) slope margin 4.4498e-3; base required -12126703902.46
  detail: y 197696052 jackpot10 >= 0.5998658986; p1 >= 0.5999993502; (K1)/eps <= 0.565777
e 12.50 [3.162278e12, 5.623413e12]: J 63 LJ 6.4172e-15 (Lemma 10 D=12 a=12 b=1.5) (K1) 1.2029e-2; L1 0.347500 (Lemma 9 k=8J) slope margin 4.4499e-3; base required -21565309846.63
  detail: y 200884698 jackpot10 >= 0.5999232679; p1 >= 0.5999995128; (K1)/eps <= 0.601441
e 12.75 [5.623413e12, 1.000000e13]: J 64 LJ 3.8424e-15 (Lemma 10 D=12 a=12 b=1.5) (K1) 1.2808e-2; L1 0.347500 (Lemma 9 k=8J) slope margin 4.4499e-3; base required -38349857871.56
  detail: y 204073344 jackpot10 >= 0.5999560820; p1 >= 0.5999996346; (K1)/eps <= 0.640408
e 13.00 [1.000000e13, 1.778279e13]: J 65 LJ 2.2990e-15 (Lemma 10 D=13 a=12 b=1.5) (K1) 1.3627e-2; L1 0.347500 (Lemma 9 k=8J) slope margin 4.4499e-3; base required -68197566595.74
  detail: y 621785970 jackpot10 >= 0.5999250978; p1 >= 0.5999997260; (K1)/eps <= 0.681374
e 13.25 [1.778279e13, 3.162278e13]: J 66 LJ 1.3763e-15 (Lemma 10 D=13 a=12 b=1.5) (K1) 1.4508e-2; L1 0.347500 (Lemma 9 k=8J) slope margin 4.4499e-3; base required -121275255892.00
  detail: y 631351908 jackpot10 >= 0.5999571858; p1 >= 0.5999997945; (K1)/eps <= 0.725390
e 13.50 [3.162278e13, 5.623413e13]: J 67 LJ 8.2476e-16 (Lemma 10 D=13 a=12 b=1.5) (K1) 1.5460e-2; L1 0.347500 (Lemma 9 k=8J) slope margin 4.4500e-3; base required -215662382501.57
  detail: y 640917846 jackpot10 >= 0.5999755233; p1 >= 0.5999998459; (K1)/eps <= 0.772998
e 13.75 [5.623413e13, 1.000000e14]: J 68 LJ 4.9452e-16 (Lemma 10 D=13 a=12 b=1.5) (K1) 1.6484e-2; L1 0.347500 (Lemma 9 k=8J) slope margin 4.4500e-3; base required -383509285821.85
  detail: y 650483784 jackpot10 >= 0.5999860031; p1 >= 0.5999998845; (K1)/eps <= 0.824194
e 14.00 [1.000000e14, 1.778279e14]: J 69 LJ 2.9637e-16 (Lemma 10 D=14 a=12 b=1.5) (K1) 1.7568e-2; L1 0.347500 (Lemma 9 k=8J) slope margin 4.4500e-3; base required -681988270737.79
  detail: y 1980149166 jackpot10 >= 0.5999761501; p1 >= 0.5999999133; (K1)/eps <= 0.878376
e 14.25 [1.778279e14, 3.162278e14]: J 70 LJ 1.7769e-16 (Lemma 10 D=14 a=12 b=1.5) (K1) 1.8730e-2; L1 0.347500 (Lemma 9 k=12J) slope margin 4.4500e-3; base required -1212767694284.80
  detail: y 2008846980 jackpot10 >= 0.5999863787; p1 >= 0.5999999350; (K1)/eps <= 0.936495
e 14.50 [3.162278e14, 5.623413e14]: J 71 LJ 1.0657e-16 (Lemma 10 D=14 a=12 b=1.5) (K1) 1.9976e-2; L1 0.347500 (Lemma 9 k=12J) slope margin 4.4500e-3; base required -2156642334949.08
  detail: y 2037544794 jackpot10 >= 0.5999922192; p1 >= 0.5999999512; (K1)/eps <= 0.998788
e 14.75 [5.623413e14, 1.000000e15]: J 73 LJ 3.8356e-17 (Lemma 10 D=15 a=12 b=1.5) (K1) 1.2785e-2; L1 0.347500 (Lemma 9 k=12J) slope margin 4.4500e-3; base required -3835115868173.49
  detail: y 6284821266 jackpot10 >= 0.5999865516; p1 >= 0.5999999634; (K1)/eps <= 0.639271
e 15.00 [1.000000e15, 1.778279e15]: J 74 LJ 2.3003e-17 (Lemma 10 D=15 a=12 b=1.5) (K1) 1.3635e-2; L1 0.347500 (Lemma 9 k=12J) slope margin 4.4500e-3; base required -6819911718181.43
  detail: y 6370914708 jackpot10 >= 0.5999923273; p1 >= 0.5999999726; (K1)/eps <= 0.681771
e 15.25 [1.778279e15, 3.162278e15]: J 75 LJ 1.3798e-17 (Lemma 10 D=15 a=12 b=1.5) (K1) 1.4545e-2; L1 0.347500 (Lemma 9 k=12J) slope margin 4.4500e-3; base required -12127713955683.79
  detail: y 6457008150 jackpot10 >= 0.5999956221; p1 >= 0.5999999794; (K1)/eps <= 0.727239
e 15.50 [3.162278e15, 5.623413e15]: J 76 LJ 8.2778e-18 (Lemma 10 D=15 a=12 b=1.5) (K1) 1.5517e-2; L1 0.347500 (Lemma 9 k=12J) slope margin 4.4500e-3; base required -21566471033108.11
  detail: y 6543101592 jackpot10 >= 0.5999975016; p1 >= 0.5999999845; (K1)/eps <= 0.775828
e 15.75 [5.623413e15, 1.000000e16]: J 77 LJ 4.9661e-18 (Lemma 10 D=16 a=12 b=1.5) (K1) 1.6554e-2; L1 0.347500 (Lemma 9 k=12J) slope margin 4.4500e-3; base required -38351220595112.69
  detail: y 19887585102 jackpot10 >= 0.5999957445; p1 >= 0.5999999884; (K1)/eps <= 0.827689
e 16.00 [1.000000e16, 1.778279e16]: J 78 LJ 2.9792e-18 (Lemma 10 D=16 a=12 b=1.5) (K1) 1.7660e-2; L1 0.347500 (Lemma 9 k=12J) slope margin 4.4500e-3; base required -68199198070778.81
  detail: y 20145865428 jackpot10 >= 0.5999975738; p1 >= 0.5999999913; (K1)/eps <= 0.882983
e 16.25 [1.778279e16, 3.162278e16]: J 79 LJ 1.7874e-18 (Lemma 10 D=16 a=12 b=1.5) (K1) 1.8841e-2; L1 0.347500 (Lemma 9 k=12J) slope margin 4.4500e-3; base required -121277245750135.02
  detail: y 20404145754 jackpot10 >= 0.5999986166; p1 >= 0.5999999935; (K1)/eps <= 0.942033
e 16.50 [3.162278e16, 5.623413e16]: J 81 LJ 6.4343e-19 (Lemma 10 D=16 a=12 b=1.5) (K1) 1.2061e-2; L1 0.347500 (Lemma 9 k=12J) slope margin 4.4500e-3; base required -215664850268222.71
  detail: y 20920706406 jackpot10 >= 0.5999992012; p1 >= 0.5999999951; (K1)/eps <= 0.603046
e 16.75 [5.623413e16, 1.000000e17]: J 82 LJ 3.8604e-19 (Lemma 10 D=17 a=12 b=1.5) (K1) 1.2868e-2; L1 0.347500 (Lemma 9 k=12J) slope margin 4.4500e-3; base required -383512390886397.77
  detail: y 63536960196 jackpot10 >= 0.5999986405; p1 >= 0.5999999963; (K1)/eps <= 0.643399
e 17.00 [1.000000e17, 1.778279e17]: J 83 LJ 2.3161e-19 (Lemma 10 D=17 a=12 b=1.5) (K1) 1.3729e-2; L1 0.347500 (Lemma 9 k=12J) slope margin 4.4500e-3; base required -681992225649009.60
  detail: y 64311801174 jackpot10 >= 0.5999992255; p1 >= 0.5999999972; (K1)/eps <= 0.686450
e 17.25 [1.778279e17, 3.162278e17]: J 84 LJ 1.3896e-19 (Lemma 10 D=17 a=12 b=1.5) (K1) 1.4648e-2; L1 0.347500 (Lemma 9 k=12J) slope margin 4.4500e-3; base required -1212772782461773.95
  detail: y 65086642152 jackpot10 >= 0.5999995587; p1 >= 0.5999999979; (K1)/eps <= 0.732398
e 17.50 [3.162278e17, 5.623413e17]: J 85 LJ 8.3376e-20 (Lemma 10 D=17 a=12 b=1.5) (K1) 1.5629e-2; L1 0.347500 (Lemma 9 k=12J) slope margin 4.4500e-3; base required -2156648934350016.56
  detail: y 65861483130 jackpot10 >= 0.5999997485; p1 >= 0.5999999984; (K1)/eps <= 0.781433
e 17.75 [5.623413e17, 1.000000e18]: J 86 LJ 5.0025e-20 (Lemma 10 D=18 a=12 b=1.5) (K1) 1.6675e-2; L1 0.347500 (Lemma 9 k=12J) slope margin 4.4500e-3; base required -3835124482828222.39
  detail: y 199908972324 jackpot10 >= 0.5999995722; p1 >= 0.5999999988; (K1)/eps <= 0.833747
e 18.00 [1.000000e18, 1.778279e18]: J 87 LJ 3.0014e-20 (Lemma 10 D=18 a=12 b=1.5) (K1) 1.7791e-2; L1 0.347500 (Lemma 9 k=12J) slope margin 4.4500e-3; base required -6819923020209694.56
  detail: y 202233495258 jackpot10 >= 0.5999997564; p1 >= 0.5999999991; (K1)/eps <= 0.889566
e 18.25 [1.778279e18, 3.162278e18]: J 88 LJ 1.8008e-20 (Lemma 10 D=18 a=12 b=1.5) (K1) 1.8983e-2; L1 0.347500 (Lemma 9 k=12J) slope margin 4.4500e-3; base required -12127728841380150.26
  detail: y 204558018192 jackpot10 >= 0.5999998613; p1 >= 0.5999999993; (K1)/eps <= 0.949128
e 18.50 [3.162278e18, 5.623413e18]: J 90 LJ 6.4830e-21 (Lemma 10 D=18 a=12 b=1.5) (K1) 1.2152e-2; L1 0.347500 (Lemma 9 k=12J) slope margin 4.4500e-3; base required -21566490697700564.33
  detail: y 209207064060 jackpot10 >= 0.5999999201; p1 >= 0.5999999995; (K1)/eps <= 0.607611
e 18.75 [5.623413e18, 1.000000e19]: J 91 LJ 3.8898e-21 (Lemma 10 D=19 a=12 b=1.5) (K1) 1.2966e-2; L1 0.347500 (Lemma 9 k=12J) slope margin 4.4500e-3; base required -38351246632463400.97
  detail: y 634594760982 jackpot10 >= 0.5999998642; p1 >= 0.5999999996; (K1)/eps <= 0.648296
e 19.00 [1.000000e19, 1.778279e19]: J 92 LJ 2.3339e-21 (Lemma 10 D=19 a=12 b=1.5) (K1) 1.3834e-2; L1 0.347500 (Lemma 9 k=12J) slope margin 4.4500e-3; base required -68199232606337115.58
  detail: y 641568329784 jackpot10 >= 0.5999999227; p1 >= 0.5999999997; (K1)/eps <= 0.691707
e 19.25 [1.778279e19, 3.162278e19]: J 93 LJ 1.4003e-21 (Lemma 10 D=19 a=12 b=1.5) (K1) 1.4761e-2; L1 0.347500 (Lemma 9 k=12J) slope margin 4.4500e-3; base required -121277291618233181.23
  detail: y 648541898586 jackpot10 >= 0.5999999560; p1 >= 0.5999999997; (K1)/eps <= 0.738026
e 19.50 [3.162278e19, 5.623413e19]: J 94 LJ 8.4018e-22 (Lemma 10 D=19 a=12 b=1.5) (K1) 1.5749e-2; L1 0.347500 (Lemma 9 k=12J) slope margin 4.4500e-3; base required -215664911248509892.92
  detail: y 655515467388 jackpot10 >= 0.5999999749; p1 >= 0.5999999998; (K1)/eps <= 0.787449
e 19.75 [5.623413e19, 1.000000e20]: J 95 LJ 5.0411e-22 (Lemma 10 D=20 a=12 b=1.5) (K1) 1.6804e-2; L1 0.347500 (Lemma 9 k=12J) slope margin 4.4500e-3; base required -383512472019102298.66
  detail: y 1987467108570 jackpot10 >= 0.5999999574; p1 >= 0.5999999998; (K1)/eps <= 0.840180
e 20.00 [1.000000e20, 1.778279e20]: J 96 LJ 3.0246e-22 (Lemma 10 D=20 a=12 b=1.5) (K1) 1.7929e-2; L1 0.347500 (Lemma 9 k=12J) slope margin 4.4500e-3; base required -681992333655392469.47
  detail: y 2008387814976 jackpot10 >= 0.5999999758; p1 >= 0.5999999999; (K1)/eps <= 0.896443
e 20.25 [1.778279e20, 3.162278e20]: J 97 LJ 1.8148e-22 (Lemma 10 D=20 a=12 b=1.5) (K1) 1.9129e-2; L1 0.347500 (Lemma 9 k=12J) slope margin 4.4500e-3; base required -1212772926304780734.03
  detail: y 2029308521382 jackpot10 >= 0.5999999862; p1 >= 0.5999999999; (K1)/eps <= 0.956474
e 20.50 [3.162278e20, 5.623413e20]: J 99 LJ 6.5332e-23 (Lemma 10 D=21 a=12 b=1.5) (K1) 1.2246e-2; L1 0.347500 (Lemma 9 k=12J) slope margin 4.4500e-3; base required -2156649125981927273.37
  detail: y 6213449802582 jackpot10 >= 0.5999999763; p1 >= 0.5999999999; (K1)/eps <= 0.612316
e 20.75 [5.623413e20, 1.000000e21]: J 100 LJ 3.9199e-23 (Lemma 10 D=21 a=12 b=1.5) (K1) 1.3066e-2; L1 0.347500 (Lemma 9 k=12J) slope margin 4.4500e-3; base required -3835124738187658600.29
  detail: y 6276211921800 jackpot10 >= 0.5999999865; p1 >= 0.5999999999; (K1)/eps <= 0.653321
e 21.00 [1.000000e21, 1.778279e21]: J 101 LJ 2.3520e-23 (Lemma 10 D=21 a=12 b=1.5) (K1) 1.3941e-2; L1 0.347500 (Lemma 9 k=12J) slope margin 4.4500e-3; base required -6819923360551149723.86
  detail: y 6338974041018 jackpot10 >= 0.5999999923; p1 >= 0.5999999999; (K1)/eps <= 0.697072
e 21.25 [1.778279e21, 3.162278e21]: J 102 LJ 1.4112e-23 (Lemma 10 D=21 a=12 b=1.5) (K1) 1.4875e-2; L1 0.347500 (Lemma 9 k=12J) slope margin 4.4500e-3; base required -12127729295046946941.56
  detail: y 6401736160236 jackpot10 >= 0.5999999956; p1 >= 0.5999999999; (K1)/eps <= 0.743753
e 21.50 [3.162278e21, 5.623413e21]: J 103 LJ 8.4670e-24 (Lemma 10 D=22 a=12 b=1.5) (K1) 1.5871e-2; L1 0.347500 (Lemma 9 k=12J) slope margin 4.4500e-3; base required -21566491302489136959.60
  detail: y 19393494838362 jackpot10 >= 0.5999999926; p1 >= 0.5999999999; (K1)/eps <= 0.793560
e 21.75 [5.623413e21, 1.000000e22]: J 104 LJ 5.0802e-24 (Lemma 10 D=22 a=12 b=1.5) (K1) 1.6934e-2; L1 0.347500 (Lemma 9 k=12J) slope margin 4.4500e-3; base required -38351247438776090108.84
  detail: y 19581781196016 jackpot10 >= 0.5999999958; p1 >= 0.5999999999; (K1)/eps <= 0.846702
e 22.00 [1.000000e22, 1.778279e22]: J 105 LJ 3.0481e-24 (Lemma 10 D=22 a=12 b=1.5) (K1) 1.8068e-2; L1 0.347500 (Lemma 9 k=12J) slope margin 4.4500e-3; base required -68199233681386531077.38
  detail: y 19770067553670 jackpot10 >= 0.5999999976; p1 >= 0.5999999999; (K1)/eps <= 0.903404
e 22.25 [1.778279e22, 3.162278e22]: J 106 LJ 1.8289e-24 (Lemma 10 D=22 a=12 b=1.5) (K1) 1.9278e-2; L1 0.347500 (Lemma 9 k=12J) slope margin 4.4500e-3; base required -121277293051648778820.82
  detail: y 19958353911324 jackpot10 >= 0.5999999986; p1 >= 0.5999999999; (K1)/eps <= 0.963902
e 22.50 [3.162278e22, 5.623413e22]: J 108 LJ 6.5839e-25 (Lemma 10 D=23 a=12 b=1.5) (K1) 1.2341e-2; L1 0.347500 (Lemma 9 k=12J) slope margin 4.4500e-3; base required -215664913159814472769.02
  detail: y 61004779879896 jackpot10 >= 0.5999999976; p1 >= 0.5999999999; (K1)/eps <= 0.617072
e 22.75 [5.623413e22, 1.000000e23]: J 109 LJ 3.9504e-25 (Lemma 10 D=23 a=12 b=1.5) (K1) 1.3168e-2; L1 0.347500 (Lemma 9 k=12J) slope margin 4.4500e-3; base required -383512474567682076442.67
  detail: y 61569638952858 jackpot10 >= 0.5999999986; p1 >= 0.5999999999; (K1)/eps <= 0.658395
e 23.00 [1.000000e23, 1.778279e23]: J 110 LJ 2.3702e-25 (Lemma 10 D=23 a=12 b=1.5) (K1) 1.4050e-2; L1 0.347500 (Lemma 9 k=12J) slope margin 4.4500e-3; base required -681992337053792379768.86
  detail: y 62134498025820 jackpot10 >= 0.5999999992; p1 >= 0.5999999999; (K1)/eps <= 0.702486
e 23.25 [1.778279e23, 3.162278e23]: J 111 LJ 1.4221e-25 (Lemma 10 D=23 a=12 b=1.5) (K1) 1.4991e-2; L1 0.347500 (Lemma 9 k=12J) slope margin 4.4500e-3; base required -1212772930836434002410.30
  detail: y 62699357098782 jackpot10 >= 0.5999999995; p1 >= 0.5999999999; (K1)/eps <= 0.749530
e 23.50 [3.162278e23, 5.623413e23]: J 112 LJ 8.5328e-26 (Lemma 10 D=24 a=12 b=1.5) (K1) 1.5994e-2; L1 0.347500 (Lemma 9 k=12J) slope margin 4.4500e-3; base required -2156649132024798187053.58
  detail: y 189792648515232 jackpot10 >= 0.5999999992; p1 >= 0.5999999999; (K1)/eps <= 0.799724
e 23.75 [5.623413e23, 1.000000e24]: J 113 LJ 5.1197e-26 (Lemma 10 D=24 a=12 b=1.5) (K1) 1.7066e-2; L1 0.347500 (Lemma 9 k=12J) slope margin 4.4500e-3; base required -3835124746245770622076.18
  detail: y 191487225734118 jackpot10 >= 0.5999999995; p1 >= 0.5999999999; (K1)/eps <= 0.853280
e 24.00 [1.000000e24, 1.778279e24]: J 114 LJ 3.0718e-26 (Lemma 10 D=24 a=12 b=1.5) (K1) 1.8208e-2; L1 0.347500 (Lemma 9 k=12J) slope margin 4.4500e-3; base required -6819923371296628952153.17
  detail: y 193181802953004 jackpot10 >= 0.5999999997; p1 >= 0.5999999999; (K1)/eps <= 0.910422
e 24.25 [1.778279e24, 3.162278e24]: J 115 LJ 1.8431e-26 (Lemma 10 D=24 a=12 b=1.5) (K1) 1.9428e-2; L1 0.347500 (Lemma 9 k=12J) slope margin 4.4500e-3; base required -12127729309376087933718.00
  detail: y 194876380171890 jackpot10 >= 0.5999999998; p1 >= 0.5999999999; (K1)/eps <= 0.971391
e 24.50 [3.162278e24, 5.623413e24]: J 117 LJ 6.6351e-27 (Lemma 10 D=25 a=12 b=1.5) (K1) 1.2437e-2; L1 0.347500 (Lemma 9 k=12J) slope margin 4.4500e-3; base required -21566491321597167717372.03
  detail: y 594796603828986 jackpot10 >= 0.5999999997; p1 >= 0.5999999999; (K1)/eps <= 0.621866
e 24.75 [5.623413e24, 1.000000e25]: J 118 LJ 3.9811e-27 (Lemma 10 D=25 a=12 b=1.5) (K1) 1.3270e-2; L1 0.347500 (Lemma 9 k=12J) slope margin 4.4500e-3; base required -38351247464256872788897.03
  detail: y 599880335485644 jackpot10 >= 0.5999999998; p1 >= 0.5999999999; (K1)/eps <= 0.663511
e 25.00 [1.000000e25, 1.778279e25]: J 119 LJ 2.3886e-27 (Lemma 10 D=25 a=12 b=1.5) (K1) 1.4159e-2; L1 0.347500 (Lemma 9 k=12J) slope margin 4.4500e-3; base required -68199233715365515025560.44
  detail: y 604964067142302 jackpot10 >= 0.5999999999; p1 >= 0.5999999999; (K1)/eps <= 0.707944
e 25.25 [1.778279e25, 3.162278e25]: J 120 LJ 1.4332e-27 (Lemma 10 D=26 a=12 b=1.5) (K1) 1.5107e-2; L1 0.347500 (Lemma 9 k=12J) slope margin 4.4500e-3; base required -121277293096960296292764.75
  detail: y 1830143396396880 jackpot10 >= 0.5999999998; p1 >= 0.5999999999; (K1)/eps <= 0.755354
e 25.50 [3.162278e25, 5.623413e25]: J 121 LJ 8.5991e-28 (Lemma 10 D=26 a=12 b=1.5) (K1) 1.6119e-2; L1 0.347500 (Lemma 9 k=12J) slope margin 4.4500e-3; base required -215664913220238166579833.23
  detail: y 1845394591366854 jackpot10 >= 0.5999999999; p1 >= 0.5999999999; (K1)/eps <= 0.805938
e 25.75 [5.623413e25, 1.000000e26]: J 122 LJ 5.1595e-28 (Lemma 10 D=26 a=12 b=1.5) (K1) 1.7198e-2; L1 0.347500 (Lemma 9 k=12J) slope margin 4.4500e-3; base required -383512474648258181277430.08
  detail: y 1860645786336828 jackpot10 >= 0.5999999999; p1 >= 0.5999999999; (K1)/eps <= 0.859910
e 26.00 [1.000000e26, 1.778279e26]: J 123 LJ 3.0957e-28 (Lemma 10 D=26 a=12 b=1.5) (K1) 1.8350e-2; L1 0.347500 (Lemma 9 k=12J) slope margin 4.4500e-3; base required -681992337161242156611700.97
  detail: y 1875896981306802 jackpot10 >= 0.5999999999; p1 >= 0.5999999999; (K1)/eps <= 0.917496
e 26.25 [1.778279e26, 3.162278e26]: J 124 LJ 1.8574e-28 (Lemma 10 D=27 a=12 b=1.5) (K1) 1.9579e-2; L1 0.347500 (Lemma 9 k=12J) slope margin 4.4500e-3; base required -1212772930979720396834733.86
  detail: y 5673444528830328 jackpot10 >= 0.5999999999; p1 >= 0.5999999999; (K1)/eps <= 0.978938
e 26.50 [3.162278e26, 5.623413e26]: J 126 LJ 6.6867e-29 (Lemma 10 D=27 a=12 b=1.5) (K1) 1.2534e-2; L1 0.347500 (Lemma 9 k=12J) slope margin 4.4500e-3; base required -2156649132215873479077174.81
  detail: y 5764951698650172 jackpot10 >= 0.5999999999; p1 >= 0.5999999999; (K1)/eps <= 0.626697
e 26.75 [5.623413e26, 1.000000e27]: J 127 LJ 4.0120e-29 (Lemma 10 D=27 a=12 b=1.5) (K1) 1.3373e-2; L1 0.347500 (Lemma 9 k=12J) slope margin 4.4500e-3; base required -3835124746500573433265619.23
  detail: y 5810705283560094 jackpot10 >= 0.5999999999; p1 >= 0.5999999999; (K1)/eps <= 0.668666
e 27.00 [1.000000e27, 1.778279e27]: J 128 LJ 2.4072e-29 (Lemma 10 D=27 a=12 b=1.5) (K1) 1.4269e-2; L1 0.347500 (Lemma 9 k=12J) slope margin 4.4500e-3; base required -6819923371636413775966748.82
  detail: y 5856458868470016 jackpot10 >= 0.5999999999; p1 >= 0.5999999999; (K1)/eps <= 0.713445
e 27.25 [1.778279e27, 3.162278e27]: J 129 LJ 1.4443e-29 (Lemma 10 D=28 a=12 b=1.5) (K1) 1.5224e-2; L1 0.347500 (Lemma 9 k=12J) slope margin 4.4500e-3; base required -12127729309829198092712123.93
  detail: y 17706637360139814 jackpot10 >= 0.5999999999; p1 >= 0.5999999999; (K1)/eps <= 0.761222
e 27.50 [3.162278e27, 5.623413e27]: J 130 LJ 8.6659e-30 (Lemma 10 D=28 a=12 b=1.5) (K1) 1.6244e-2; L1 0.347500 (Lemma 9 k=12J) slope margin 4.4500e-3; base required -21566491322201399639640730.67
  detail: y 17843898114869580 jackpot10 >= 0.5999999999; p1 >= 0.5999999999; (K1)/eps <= 0.812200
e 27.75 [5.623413e27, 1.000000e28]: J 131 LJ 5.1995e-30 (Lemma 10 D=28 a=12 b=1.5) (K1) 1.7332e-2; L1 0.347500 (Lemma 9 k=12J) slope margin 4.4500e-3; base required -38351247465062628821348128.67
  detail: y 17981158869599346 jackpot10 >= 0.5999999999; p1 >= 0.5999999999; (K1)/eps <= 0.866591
e 28.00 [1.000000e28, 1.778279e28]: J 132 LJ 3.1197e-30 (Lemma 10 D=28 a=12 b=1.5) (K1) 1.8492e-2; L1 0.347500 (Lemma 9 k=12J) slope margin 4.4500e-3; base required -68199233716440007778035279.08
  detail: y 18118419624329112 jackpot10 >= 0.5999999999; p1 >= 0.5999999999; (K1)/eps <= 0.924624
e 28.25 [1.778279e28, 3.162278e28]: J 133 LJ 1.8718e-30 (Lemma 10 D=29 a=12 b=1.5) (K1) 1.9731e-2; L1 0.347500 (Lemma 9 k=12J) slope margin 4.4500e-3; base required -121277293098393155220998414.34
  detail: y 54767041137176634 jackpot10 >= 0.5999999999; p1 >= 0.5999999999; (K1)/eps <= 0.986544
e 28.50 [3.162278e28, 5.623413e28]: J 135 LJ 6.7386e-31 (Lemma 10 D=29 a=12 b=1.5) (K1) 1.2631e-2; L1 0.347500 (Lemma 9 k=12J) slope margin 4.4500e-3; base required -215664913222148914484001585.66
  detail: y 55590605665555230 jackpot10 >= 0.5999999999; p1 >= 0.5999999999; (K1)/eps <= 0.631567
e 28.75 [5.623413e28, 1.000000e29]: J 136 LJ 4.0432e-31 (Lemma 10 D=29 a=12 b=1.5) (K1) 1.3477e-2; L1 0.347500 (Lemma 9 k=12J) slope margin 4.4500e-3; base required -383512474650806204373199811.09
  detail: y 56002387929744528 jackpot10 >= 0.5999999999; p1 >= 0.5999999999; (K1)/eps <= 0.673861
e 29.00 [1.000000e29, 1.778279e29]: J 137 LJ 2.4259e-31 (Lemma 10 D=29 a=12 b=1.5) (K1) 1.4380e-2; L1 0.347500 (Lemma 9 k=12J) slope margin 4.4500e-3; base required -681992337164639999833655008.63
  detail: y 56414170193933826 jackpot10 >= 0.5999999999; p1 >= 0.5999999999; (K1)/eps <= 0.718988
e 29.25 [1.778279e29, 3.162278e29]: J 138 LJ 1.4555e-31 (Lemma 10 D=30 a=12 b=1.5) (K1) 1.5343e-2; L1 0.347500 (Lemma 9 k=12J) slope margin 4.4500e-3; base required -1212772930984251493408436309.08
  detail: y 170477857374369372 jackpot10 >= 0.5999999999; p1 >= 0.5999999999; (K1)/eps <= 0.767137
e 29.50 [3.162278e29, 5.623413e29]: J 139 LJ 8.7332e-32 (Lemma 10 D=30 a=12 b=1.5) (K1) 1.6370e-2; L1 0.347500 (Lemma 9 k=12J) slope margin 4.4500e-3; base required -2156649132221915793283508910.07
  detail: y 171713204166937266 jackpot10 >= 0.5999999999; p1 >= 0.5999999999; (K1)/eps <= 0.818510
e 29.75 [5.623413e29, 1.000000e30]: J 140 LJ 5.2399e-32 (Lemma 10 D=30 a=12 b=1.5) (K1) 1.7466e-2; L1 0.347500 (Lemma 9 k=12J) slope margin 4.4500e-3; base required -3835124746508630988573720188.06
  detail: y 172948550959505160 jackpot10 >= 0.5999999999; p1 >= 0.5999999999; (K1)/eps <= 0.873324
c0 3/5 eps 1/50: m1 = 1778279, J(m1) 62, J at 10^30 140, b1 >= 545808.8535 = 0.920760 (m1 + J1 + 1)/3; largest (K1)/eps 0.9988, smallest slope margin 4.1837e-3
exact: largest base required < 545808.85345809 (rounded up), b1 = 27290443/50: base check passes
hand-over threshold: delta_T(62) <= 1 - b1/mu_m1(62) = 7045771/88917100 = 0.079239775026 (exact rational, b1 = 27290443/50, mu = 1778342/3)
95 intervals: 0 failing; series terms so far 55901; 4.3 s
past 10^30, for every m >= 10^30 (each line an exact comparison; bounds at m = 10^30 extend by monotonicity):
  ln(10^30) in [69.077552789821, 69.077552789822]; A = 11/5, CJ = A + 1/50 = 111/50, J_last = 140
  (a) A ln m + 1 <= CJ ln m, i.e. ln m >= 50: holds
  (a) J_last <= CJ ln m: holds
  (b) log_3(100 CJ ln m) + 1 <= ln m at 10^30 (the difference increases in ln m): holds
  (b) ln m <= m/1000 at 10^30 (ln m / m decreases): holds
  (b) D(m) <= 30 at 10^30 (window of (B'); D(m) = O(log log m), and m + 1 - D(m) > m1 - 30 trivially): holds
  y/mu <= 1.271184e-22, 1/(2 mu^(1/2)) <= 8.664588e-16 ((ln m)^2/m and m^(-1/2) decrease)
  jackpot p_D >= 0.599999999999999; q = 1 - (197/300) p_D <= 0.606000000000001; lambda = ln(1/q) >= 0.500875292912821
  c2 = 18 h(2/3) >= 1.134418702702027; c3 = 12 KL(1/12, 1/4) >= 1.108765361415553
  A lambda >= 1.101925644408, A c2 >= 2.495721145944, A c3 >= 2.439283795114
  (f) A lambda > 1, A c2 > 1, A c3 > 1: holds
  (g) CJ ln m + 1 <= 10^-27 m at 10^30: holds
  (K1) for m >= 10^30: ((m + J + 1)/3) LJ(m) <= 1.768407e-4
  (K1) past 10^30: Phi(10^30) <= eps: holds
  (h) a9 > 4 (so that P(Bin(a9 J, 1/4) < J) <= exp(-a9 J KL(1/a9, 1/4)) decreases in J): holds
  (h) 3 a9 J(m)/(m + 2) at m = 10^30 <= 3 a9 J_last/(M_97 + 2) (k/mu_m(1); ln m/(m + 2) decreases): holds
  L1(m) <= L1 of the last interval <= 0.3475000001; slope sigma >= 4.449999e-3
  (h) sigma > 0: holds
  (h) base of the last interval <= b1: holds
  (h) sigma (1 - M_97/10^30) >= (CJ/3) ln m/m at 10^30 (ln m/m decreases): holds
past 10^30: all inequalities hold; 0.1 s
series terms 56719
verdict inputs: failing 0, interval lines 95 of 95, interval block completed, past 10^30 block completed
(D'check) in MODE 1 with outward rounding: PASS
# 4.39 s user, 4.40 s wall, 11844 KB
